Archive member included because of file (symbol)

/home/evan/.pebble-sdk/SDKs/current/sdk-core/pebble/aplite/lib/libpebble.a(tmp7jpKUopebble.o)
                              src/c/fiftyeight.c.25.o (app_event_loop)
/home/evan/.pebble-sdk/SDKs/4.9.77/toolchain/arm-none-eabi/bin/../lib/gcc/arm-none-eabi/4.7.2/thumb2/libgcc.a(_arm_addsubdf3.o)
                              src/c/fiftyeight.c.25.o (__aeabi_dadd)
/home/evan/.pebble-sdk/SDKs/4.9.77/toolchain/arm-none-eabi/bin/../lib/gcc/arm-none-eabi/4.7.2/thumb2/libgcc.a(_arm_muldivdf3.o)
                              src/c/fiftyeight.c.25.o (__aeabi_dmul)
/home/evan/.pebble-sdk/SDKs/4.9.77/toolchain/arm-none-eabi/bin/../lib/gcc/arm-none-eabi/4.7.2/thumb2/libgcc.a(_arm_fixdfsi.o)
                              src/c/fiftyeight.c.25.o (__aeabi_d2iz)
/home/evan/.pebble-sdk/SDKs/4.9.77/toolchain/arm-none-eabi/bin/../lib/gcc/arm-none-eabi/4.7.2/thumb2/libgcc.a(_arm_truncdfsf2.o)
                              src/c/fiftyeight.c.25.o (__aeabi_d2f)
/home/evan/.pebble-sdk/SDKs/4.9.77/toolchain/arm-none-eabi/bin/../lib/gcc/arm-none-eabi/4.7.2/thumb2/libgcc.a(_arm_addsubsf3.o)
                              src/c/fiftyeight.c.25.o (__aeabi_i2f)
/home/evan/.pebble-sdk/SDKs/4.9.77/toolchain/arm-none-eabi/bin/../lib/gcc/arm-none-eabi/4.7.2/../../../../arm-none-eabi/lib/thumb2/libm.a(lib_a-s_cos.o)
                              src/c/fiftyeight.c.25.o (cos)
/home/evan/.pebble-sdk/SDKs/4.9.77/toolchain/arm-none-eabi/bin/../lib/gcc/arm-none-eabi/4.7.2/../../../../arm-none-eabi/lib/thumb2/libm.a(lib_a-s_sin.o)
                              src/c/fiftyeight.c.25.o (sin)
/home/evan/.pebble-sdk/SDKs/4.9.77/toolchain/arm-none-eabi/bin/../lib/gcc/arm-none-eabi/4.7.2/../../../../arm-none-eabi/lib/thumb2/libm.a(lib_a-e_rem_pio2.o)
                              /home/evan/.pebble-sdk/SDKs/4.9.77/toolchain/arm-none-eabi/bin/../lib/gcc/arm-none-eabi/4.7.2/../../../../arm-none-eabi/lib/thumb2/libm.a(lib_a-s_cos.o) (__ieee754_rem_pio2)
/home/evan/.pebble-sdk/SDKs/4.9.77/toolchain/arm-none-eabi/bin/../lib/gcc/arm-none-eabi/4.7.2/../../../../arm-none-eabi/lib/thumb2/libm.a(lib_a-k_cos.o)
                              /home/evan/.pebble-sdk/SDKs/4.9.77/toolchain/arm-none-eabi/bin/../lib/gcc/arm-none-eabi/4.7.2/../../../../arm-none-eabi/lib/thumb2/libm.a(lib_a-s_cos.o) (__kernel_cos)
/home/evan/.pebble-sdk/SDKs/4.9.77/toolchain/arm-none-eabi/bin/../lib/gcc/arm-none-eabi/4.7.2/../../../../arm-none-eabi/lib/thumb2/libm.a(lib_a-k_rem_pio2.o)
                              /home/evan/.pebble-sdk/SDKs/4.9.77/toolchain/arm-none-eabi/bin/../lib/gcc/arm-none-eabi/4.7.2/../../../../arm-none-eabi/lib/thumb2/libm.a(lib_a-e_rem_pio2.o) (__kernel_rem_pio2)
/home/evan/.pebble-sdk/SDKs/4.9.77/toolchain/arm-none-eabi/bin/../lib/gcc/arm-none-eabi/4.7.2/../../../../arm-none-eabi/lib/thumb2/libm.a(lib_a-k_sin.o)
                              /home/evan/.pebble-sdk/SDKs/4.9.77/toolchain/arm-none-eabi/bin/../lib/gcc/arm-none-eabi/4.7.2/../../../../arm-none-eabi/lib/thumb2/libm.a(lib_a-s_cos.o) (__kernel_sin)
/home/evan/.pebble-sdk/SDKs/4.9.77/toolchain/arm-none-eabi/bin/../lib/gcc/arm-none-eabi/4.7.2/../../../../arm-none-eabi/lib/thumb2/libm.a(lib_a-s_fabs.o)
                              /home/evan/.pebble-sdk/SDKs/4.9.77/toolchain/arm-none-eabi/bin/../lib/gcc/arm-none-eabi/4.7.2/../../../../arm-none-eabi/lib/thumb2/libm.a(lib_a-e_rem_pio2.o) (fabs)
/home/evan/.pebble-sdk/SDKs/4.9.77/toolchain/arm-none-eabi/bin/../lib/gcc/arm-none-eabi/4.7.2/../../../../arm-none-eabi/lib/thumb2/libm.a(lib_a-s_floor.o)
                              /home/evan/.pebble-sdk/SDKs/4.9.77/toolchain/arm-none-eabi/bin/../lib/gcc/arm-none-eabi/4.7.2/../../../../arm-none-eabi/lib/thumb2/libm.a(lib_a-k_rem_pio2.o) (floor)
/home/evan/.pebble-sdk/SDKs/4.9.77/toolchain/arm-none-eabi/bin/../lib/gcc/arm-none-eabi/4.7.2/../../../../arm-none-eabi/lib/thumb2/libm.a(lib_a-s_scalbn.o)
                              /home/evan/.pebble-sdk/SDKs/4.9.77/toolchain/arm-none-eabi/bin/../lib/gcc/arm-none-eabi/4.7.2/../../../../arm-none-eabi/lib/thumb2/libm.a(lib_a-k_rem_pio2.o) (scalbn)
/home/evan/.pebble-sdk/SDKs/4.9.77/toolchain/arm-none-eabi/bin/../lib/gcc/arm-none-eabi/4.7.2/../../../../arm-none-eabi/lib/thumb2/libm.a(lib_a-s_copysign.o)
                              /home/evan/.pebble-sdk/SDKs/4.9.77/toolchain/arm-none-eabi/bin/../lib/gcc/arm-none-eabi/4.7.2/../../../../arm-none-eabi/lib/thumb2/libm.a(lib_a-s_scalbn.o) (copysign)
/home/evan/.pebble-sdk/SDKs/4.9.77/toolchain/arm-none-eabi/bin/../lib/gcc/arm-none-eabi/4.7.2/thumb2/libgcc.a(_divsi3.o)
                              /home/evan/.pebble-sdk/SDKs/4.9.77/toolchain/arm-none-eabi/bin/../lib/gcc/arm-none-eabi/4.7.2/../../../../arm-none-eabi/lib/thumb2/libm.a(lib_a-k_rem_pio2.o) (__aeabi_idiv)
/home/evan/.pebble-sdk/SDKs/4.9.77/toolchain/arm-none-eabi/bin/../lib/gcc/arm-none-eabi/4.7.2/thumb2/libgcc.a(_dvmd_tls.o)
[...]
Memory Configuration

Name             Origin             Length             Attributes
APP              0x0000000000000000 0x0000000000006000 xrw
*default*        0x0000000000000000 0xffffffffffffffff

Linker script and memory map

LOAD /home/evan/.pebble-sdk/SDKs/4.9.77/toolchain/arm-none-eabi/bin/../lib/gcc/arm-none-eabi/4.7.2/thumb2/crti.o
LOAD /home/evan/.pebble-sdk/SDKs/4.9.77/toolchain/arm-none-eabi/bin/../lib/gcc/arm-none-eabi/4.7.2/thumb2/crtbegin.o
LOAD src/c/fiftyeight.c.25.o
LOAD aplite/appinfo.auto.c.25.o
LOAD aplite/src/resource_ids.auto.c.25.o
LOAD /home/evan/.pebble-sdk/SDKs/current/sdk-core/pebble/aplite/lib/libpebble.a
START GROUP
LOAD /home/evan/.pebble-sdk/SDKs/4.9.77/toolchain/arm-none-eabi/bin/../lib/gcc/arm-none-eabi/4.7.2/thumb2/libgcc.a
LOAD /home/evan/.pebble-sdk/SDKs/4.9.77/toolchain/arm-none-eabi/bin/../lib/gcc/arm-none-eabi/4.7.2/../../../../arm-none-eabi/lib/thumb2/libc.a
END GROUP
LOAD /home/evan/.pebble-sdk/SDKs/4.9.77/toolchain/arm-none-eabi/bin/../lib/gcc/arm-none-eabi/4.7.2/thumb2/crtend.o
LOAD /home/evan/.pebble-sdk/SDKs/4.9.77/toolchain/arm-none-eabi/bin/../lib/gcc/arm-none-eabi/4.7.2/thumb2/crtn.o

.header         0x0000000000000000       0x82
 *(.pbl_header)
 .pbl_header    0x0000000000000000       0x82 aplite/appinfo.auto.c.25.o
                0x0000000000000000                __pbl_app_info

.note.gnu.build-id
                0x0000000000000082       0x26
                0x0000000000000082                PROVIDE (BUILD_ID, .)
 *(.note.gnu.build-id)
 *fill*         0x0000000000000082        0x2 
 .note.gnu.build-id
                0x0000000000000084       0x24 linker stubs

.text           0x00000000000000a8     0x2888
 *(.text)
 .text          0x00000000000000a8       0x14 /home/evan/.pebble-sdk/SDKs/current/sdk-core/pebble/aplite/lib/libpebble.a(tmp7jpKUopebble.o)
 .text          0x00000000000000bc      0x370 /home/evan/.pebble-sdk/SDKs/4.9.77/toolchain/arm-none-eabi/bin/../lib/gcc/arm-none-eabi/4.7.2/thumb2/libgcc.a(_arm_addsubdf3.o)
                0x00000000000000bc                __aeabi_drsub
                0x00000000000000c4                __aeabi_dsub
                0x00000000000000c4                __subdf3
                0x00000000000000c8                __adddf3
                0x00000000000000c8                __aeabi_dadd
                0x0000000000000340                __aeabi_ui2d
                0x0000000000000340                __floatunsidf
                0x0000000000000360                __floatsidf
                0x0000000000000360                __aeabi_i2d
                0x0000000000000384                __extendsfdf2
                0x0000000000000384                __aeabi_f2d
                0x00000000000003c0                __aeabi_ul2d
                0x00000000000003c0                __floatundidf
                0x00000000000003d0                __floatdidf
                0x00000000000003d0                __aeabi_l2d
 .text          0x000000000000042c      0x424 /home/evan/.pebble-sdk/SDKs/4.9.77/toolchain/arm-none-eabi/bin/../lib/gcc/arm-none-eabi/4.7.2/thumb2/libgcc.a(_arm_muldivdf3.o)
                0x000000000000042c                __aeabi_dmul
                0x000000000000042c                __muldf3
                0x0000000000000680                __aeabi_ddiv
                0x0000000000000680                __divdf3
 .text          0x0000000000000850       0x50 /home/evan/.pebble-sdk/SDKs/4.9.77/toolchain/arm-none-eabi/bin/../lib/gcc/arm-none-eabi/4.7.2/thumb2/libgcc.a(_arm_fixdfsi.o)
                0x0000000000000850                __fixdfsi
                0x0000000000000850                __aeabi_d2iz
 .text          0x00000000000008a0       0xa0 /home/evan/.pebble-sdk/SDKs/4.9.77/toolchain/arm-none-eabi/bin/../lib/gcc/arm-none-eabi/4.7.2/thumb2/libgcc.a(_arm_truncdfsf2.o)
                0x00000000000008a0                __aeabi_d2f
                0x00000000000008a0                __truncdfsf2
 .text          0x0000000000000940      0x21c /home/evan/.pebble-sdk/SDKs/4.9.77/toolchain/arm-none-eabi/bin/../lib/gcc/arm-none-eabi/4.7.2/thumb2/libgcc.a(_arm_addsubsf3.o)
                0x0000000000000940                __aeabi_frsub
                0x0000000000000948                __subsf3
                0x0000000000000948                __aeabi_fsub
                0x000000000000094c                __aeabi_fadd
                0x000000000000094c                __addsf3
                0x0000000000000aac                __aeabi_ui2f
                0x0000000000000aac                __floatunsisf
                0x0000000000000ab4                __aeabi_i2f
                0x0000000000000ab4                __floatsisf
                0x0000000000000ad0                __floatundisf
                0x0000000000000ad0                __aeabi_ul2f
                0x0000000000000ae0                __floatdisf
                0x0000000000000ae0                __aeabi_l2f
 *fill*         0x0000000000000b5c        0x4 
 .text          0x0000000000000b60      0x2b0 /home/evan/.pebble-sdk/SDKs/4.9.77/toolchain/arm-none-eabi/bin/../lib/gcc/arm-none-eabi/4.7.2/thumb2/libgcc.a(_divsi3.o)
                0x0000000000000b60                __aeabi_idiv
                0x0000000000000b60                __divsi3
                0x0000000000000df4                __aeabi_idivmod
 .text          0x0000000000000e10        0x4 /home/evan/.pebble-sdk/SDKs/4.9.77/toolchain/arm-none-eabi/bin/../lib/gcc/arm-none-eabi/4.7.2/thumb2/libgcc.a(_dvmd_tls.o)
                0x0000000000000e10                __aeabi_ldiv0
                0x0000000000000e10                __aeabi_idiv0
 .text          0x0000000000000e14      0x110 /home/evan/.pebble-sdk/SDKs/4.9.77/toolchain/arm-none-eabi/bin/../lib/gcc/arm-none-eabi/4.7.2/thumb2/libgcc.a(_arm_cmpdf2.o)
                0x0000000000000e14                __gtdf2
                0x0000000000000e14                __gedf2
                0x0000000000000e1c                __ltdf2
                0x0000000000000e1c                __ledf2
                0x0000000000000e24                __cmpdf2
                0x0000000000000e24                __eqdf2
                0x0000000000000e24                __nedf2
                0x0000000000000ea0                __aeabi_cdrcmple
                0x0000000000000eb0                __aeabi_cdcmple
                0x0000000000000eb0                __aeabi_cdcmpeq
                0x0000000000000ec0                __aeabi_dcmpeq
                0x0000000000000ed4                __aeabi_dcmplt
                0x0000000000000ee8                __aeabi_dcmple
                0x0000000000000efc                __aeabi_dcmpge
                0x0000000000000f10                __aeabi_dcmpgt
 *(.text.*)
 .text.main_window_unload
                0x0000000000000f24       0x4c src/c/fiftyeight.c.25.o
 .text.tick_handler
                0x0000000000000f70       0x10 src/c/fiftyeight.c.25.o
 .text.main_window_load
                0x0000000000000f80       0x90 src/c/fiftyeight.c.25.o
 .text.draw_digit
                0x0000000000001010       0xa0 src/c/fiftyeight.c.25.o
 .text.canvas_update_proc
                0x00000000000010b0      0x408 src/c/fiftyeight.c.25.o
 .text.startup.main
                0x00000000000014b8       0x58 src/c/fiftyeight.c.25.o
                0x00000000000014b8                main
 .text.app_event_loop
                0x0000000000001510        0xc /home/evan/.pebble-sdk/SDKs/current/sdk-core/pebble/aplite/lib/libpebble.a(tmp7jpKUopebble.o)
                0x0000000000001510                app_event_loop
 .text.gbitmap_create_as_sub_bitmap
                0x000000000000151c        0xc /home/evan/.pebble-sdk/SDKs/current/sdk-core/pebble/aplite/lib/libpebble.a(tmp7jpKUopebble.o)
                0x000000000000151c                gbitmap_create_as_sub_bitmap
 .text.gbitmap_create_with_resource
                0x0000000000001528        0xc /home/evan/.pebble-sdk/SDKs/current/sdk-core/pebble/aplite/lib/libpebble.a(tmp7jpKUopebble.o)
                0x0000000000001528                gbitmap_create_with_resource
 .text.gbitmap_destroy
                0x0000000000001534        0xc /home/evan/.pebble-sdk/SDKs/current/sdk-core/pebble/aplite/lib/libpebble.a(tmp7jpKUopebble.o)
                0x0000000000001534                gbitmap_destroy
 .text.graphics_context_set_compositing_mode
                0x0000000000001540        0xc /home/evan/.pebble-sdk/SDKs/current/sdk-core/pebble/aplite/lib/libpebble.a(tmp7jpKUopebble.o)
                0x0000000000001540                graphics_context_set_compositing_mode
 .text.graphics_draw_bitmap_in_rect
                0x000000000000154c        0xc /home/evan/.pebble-sdk/SDKs/current/sdk-core/pebble/aplite/lib/libpebble.a(tmp7jpKUopebble.o)
                0x000000000000154c                graphics_draw_bitmap_in_rect
 .text.graphics_fill_circle
                0x0000000000001558        0xc /home/evan/.pebble-sdk/SDKs/current/sdk-core/pebble/aplite/lib/libpebble.a(tmp7jpKUopebble.o)
                0x0000000000001558                graphics_fill_circle
 .text.graphics_fill_rect
                0x0000000000001564        0xc /home/evan/.pebble-sdk/SDKs/current/sdk-core/pebble/aplite/lib/libpebble.a(tmp7jpKUopebble.o)
                0x0000000000001564                graphics_fill_rect
 .text.layer_add_child
                0x0000000000001570        0xc /home/evan/.pebble-sdk/SDKs/current/sdk-core/pebble/aplite/lib/libpebble.a(tmp7jpKUopebble.o)
                0x0000000000001570                layer_add_child
 .text.layer_create
                0x000000000000157c        0xc /home/evan/.pebble-sdk/SDKs/current/sdk-core/pebble/aplite/lib/libpebble.a(tmp7jpKUopebble.o)
                0x000000000000157c                layer_create
 .text.layer_destroy
                0x0000000000001588        0xc /home/evan/.pebble-sdk/SDKs/current/sdk-core/pebble/aplite/lib/libpebble.a(tmp7jpKUopebble.o)
                0x0000000000001588                layer_destroy
 .text.layer_get_bounds
                0x0000000000001594        0xc /home/evan/.pebble-sdk/SDKs/current/sdk-core/pebble/aplite/lib/libpebble.a(tmp7jpKUopebble.o)
                0x0000000000001594                layer_get_bounds
 .text.layer_mark_dirty
                0x00000000000015a0        0xc /home/evan/.pebble-sdk/SDKs/current/sdk-core/pebble/aplite/lib/libpebble.a(tmp7jpKUopebble.o)
                0x00000000000015a0                layer_mark_dirty
 .text.layer_set_update_proc
                0x00000000000015ac        0xc /home/evan/.pebble-sdk/SDKs/current/sdk-core/pebble/aplite/lib/libpebble.a(tmp7jpKUopebble.o)
                0x00000000000015ac                layer_set_update_proc
 .text.memset   0x00000000000015b8        0xc /home/evan/.pebble-sdk/SDKs/current/sdk-core/pebble/aplite/lib/libpebble.a(tmp7jpKUopebble.o)
                0x00000000000015b8                memset
 .text.tick_timer_service_subscribe
                0x00000000000015c4        0xc /home/evan/.pebble-sdk/SDKs/current/sdk-core/pebble/aplite/lib/libpebble.a(tmp7jpKUopebble.o)
                0x00000000000015c4                tick_timer_service_subscribe
 .text.window_create
                0x00000000000015d0        0xc /home/evan/.pebble-sdk/SDKs/current/sdk-core/pebble/aplite/lib/libpebble.a(tmp7jpKUopebble.o)
                0x00000000000015d0                window_create
 .text.window_destroy
                0x00000000000015dc        0xc /home/evan/.pebble-sdk/SDKs/current/sdk-core/pebble/aplite/lib/libpebble.a(tmp7jpKUopebble.o)
                0x00000000000015dc                window_destroy
 .text.window_get_root_layer
                0x00000000000015e8        0xc /home/evan/.pebble-sdk/SDKs/current/sdk-core/pebble/aplite/lib/libpebble.a(tmp7jpKUopebble.o)
                0x00000000000015e8                window_get_root_layer
 .text.window_set_window_handlers
                0x00000000000015f4        0xc /home/evan/.pebble-sdk/SDKs/current/sdk-core/pebble/aplite/lib/libpebble.a(tmp7jpKUopebble.o)
                0x00000000000015f4                window_set_window_handlers
 .text.window_stack_push
                0x0000000000001600        0xc /home/evan/.pebble-sdk/SDKs/current/sdk-core/pebble/aplite/lib/libpebble.a(tmp7jpKUopebble.o)
                0x0000000000001600                window_stack_push
 .text.graphics_context_set_fill_color
                0x000000000000160c        0xc /home/evan/.pebble-sdk/SDKs/current/sdk-core/pebble/aplite/lib/libpebble.a(tmp7jpKUopebble.o)
                0x000000000000160c                graphics_context_set_fill_color
 .text.localtime
                0x0000000000001618        0xc /home/evan/.pebble-sdk/SDKs/current/sdk-core/pebble/aplite/lib/libpebble.a(tmp7jpKUopebble.o)
                0x0000000000001618                localtime
 .text.time     0x0000000000001624        0xc /home/evan/.pebble-sdk/SDKs/current/sdk-core/pebble/aplite/lib/libpebble.a(tmp7jpKUopebble.o)
                0x0000000000001624                time
 .text.cos      0x0000000000001630       0x6c /home/evan/.pebble-sdk/SDKs/4.9.77/toolchain/arm-none-eabi/bin/../lib/gcc/arm-none-eabi/4.7.2/../../../../arm-none-eabi/lib/thumb2/libm.a(lib_a-s_cos.o)
                0x0000000000001630                cos
 .text.sin      0x000000000000169c       0x74 /home/evan/.pebble-sdk/SDKs/4.9.77/toolchain/arm-none-eabi/bin/../lib/gcc/arm-none-eabi/4.7.2/../../../../arm-none-eabi/lib/thumb2/libm.a(lib_a-s_sin.o)
                0x000000000000169c                sin
 .text.__ieee754_rem_pio2
                0x0000000000001710      0x408 /home/evan/.pebble-sdk/SDKs/4.9.77/toolchain/arm-none-eabi/bin/../lib/gcc/arm-none-eabi/4.7.2/../../../../arm-none-eabi/lib/thumb2/libm.a(lib_a-e_rem_pio2.o)
                0x0000000000001710                __ieee754_rem_pio2
 .text.__kernel_cos
                0x0000000000001b18      0x1d8 /home/evan/.pebble-sdk/SDKs/4.9.77/toolchain/arm-none-eabi/bin/../lib/gcc/arm-none-eabi/4.7.2/../../../../arm-none-eabi/lib/thumb2/libm.a(lib_a-k_cos.o)
                0x0000000000001b18                __kernel_cos
 .text.__kernel_rem_pio2
                0x0000000000001cf0      0x6cc /home/evan/.pebble-sdk/SDKs/4.9.77/toolchain/arm-none-eabi/bin/../lib/gcc/arm-none-eabi/4.7.2/../../../../arm-none-eabi/lib/thumb2/libm.a(lib_a-k_rem_pio2.o)
                0x0000000000001cf0                __kernel_rem_pio2
 *fill*         0x00000000000023bc        0x4 
 .text.__kernel_sin
                0x00000000000023c0      0x180 /home/evan/.pebble-sdk/SDKs/4.9.77/toolchain/arm-none-eabi/bin/../lib/gcc/arm-none-eabi/4.7.2/../../../../arm-none-eabi/lib/thumb2/libm.a(lib_a-k_sin.o)
                0x00000000000023c0                __kernel_sin
 .text.fabs     0x0000000000002540        0x6 /home/evan/.pebble-sdk/SDKs/4.9.77/toolchain/arm-none-eabi/bin/../lib/gcc/arm-none-eabi/4.7.2/../../../../arm-none-eabi/lib/thumb2/libm.a(lib_a-s_fabs.o)
                0x0000000000002540                fabs
 *fill*         0x0000000000002546        0x2 
 .text.floor    0x0000000000002548      0x108 /home/evan/.pebble-sdk/SDKs/4.9.77/toolchain/arm-none-eabi/bin/../lib/gcc/arm-none-eabi/4.7.2/../../../../arm-none-eabi/lib/thumb2/libm.a(lib_a-s_floor.o)
                0x0000000000002548                floor
 .text.scalbn   0x0000000000002650       0xf0 /home/evan/.pebble-sdk/SDKs/4.9.77/toolchain/arm-none-eabi/bin/../lib/gcc/arm-none-eabi/4.7.2/../../../../arm-none-eabi/lib/thumb2/libm.a(lib_a-s_scalbn.o)
                0x0000000000002650                scalbn
 .text.copysign
                0x0000000000002740       0x14 /home/evan/.pebble-sdk/SDKs/4.9.77/toolchain/arm-none-eabi/bin/../lib/gcc/arm-none-eabi/4.7.2/../../../../arm-none-eabi/lib/thumb2/libm.a(lib_a-s_copysign.o)
                0x0000000000002740                copysign
 *(.rodata)
 *(.rodata*)
 .rodata.npio2_hw
                0x0000000000002754       0x80 /home/evan/.pebble-sdk/SDKs/4.9.77/toolchain/arm-none-eabi/bin/../lib/gcc/arm-none-eabi/4.7.2/../../../../arm-none-eabi/lib/thumb2/libm.a(lib_a-e_rem_pio2.o)
 .rodata.two_over_pi
                0x00000000000027d4      0x108 /home/evan/.pebble-sdk/SDKs/4.9.77/toolchain/arm-none-eabi/bin/../lib/gcc/arm-none-eabi/4.7.2/../../../../arm-none-eabi/lib/thumb2/libm.a(lib_a-e_rem_pio2.o)
 .rodata.init_jk
                0x00000000000028dc       0x10 /home/evan/.pebble-sdk/SDKs/4.9.77/toolchain/arm-none-eabi/bin/../lib/gcc/arm-none-eabi/4.7.2/../../../../arm-none-eabi/lib/thumb2/libm.a(lib_a-k_rem_pio2.o)
 *fill*         0x00000000000028ec        0x4 
 .rodata.PIo2   0x00000000000028f0       0x40 /home/evan/.pebble-sdk/SDKs/4.9.77/toolchain/arm-none-eabi/bin/../lib/gcc/arm-none-eabi/4.7.2/../../../../arm-none-eabi/lib/thumb2/libm.a(lib_a-k_rem_pio2.o)

.glue_7         0x0000000000002930        0x0
 .glue_7        0x0000000000000000        0x0 linker stubs

.glue_7t        0x0000000000002930        0x0
 .glue_7t       0x0000000000000000        0x0 linker stubs

.vfp11_veneer   0x0000000000002930        0x0
 .vfp11_veneer  0x0000000000000000        0x0 linker stubs

.v4_bx          0x0000000000002930        0x0
 .v4_bx         0x0000000000000000        0x0 linker stubs

.iplt           0x0000000000002930        0x0
 .iplt          0x0000000000000000        0x0 /home/evan/.pebble-sdk/SDKs/4.9.77/toolchain/arm-none-eabi/bin/../lib/gcc/arm-none-eabi/4.7.2/thumb2/crtbegin.o

.rel.dyn        0x0000000000002930        0x0
 .rel.iplt      0x0000000000000000        0x0 /home/evan/.pebble-sdk/SDKs/4.9.77/toolchain/arm-none-eabi/bin/../lib/gcc/arm-none-eabi/4.7.2/thumb2/crtbegin.o

.data           0x0000000000002930        0x4
 *(.data)
 .data          0x0000000000002930        0x0 /home/evan/.pebble-sdk/SDKs/4.9.77/toolchain/arm-none-eabi/bin/../lib/gcc/arm-none-eabi/4.7.2/thumb2/crti.o
 .data          0x0000000000002930        0x4 /home/evan/.pebble-sdk/SDKs/4.9.77/toolchain/arm-none-eabi/bin/../lib/gcc/arm-none-eabi/4.7.2/thumb2/crtbegin.o
                0x0000000000002930                __dso_handle
 .data          0x0000000000002934        0x0 src/c/fiftyeight.c.25.o
 .data          0x0000000000002934        0x0 aplite/appinfo.auto.c.25.o
 .data          0x0000000000002934        0x0 aplite/src/resource_ids.auto.c.25.o
 .data          0x0000000000002934        0x0 /home/evan/.pebble-sdk/SDKs/current/sdk-core/pebble/aplite/lib/libpebble.a(tmp7jpKUopebble.o)
 .data          0x0000000000002934        0x0 /home/evan/.pebble-sdk/SDKs/4.9.77/toolchain/arm-none-eabi/bin/../lib/gcc/arm-none-eabi/4.7.2/thumb2/libgcc.a(_arm_addsubdf3.o)
 .data          0x0000000000002934        0x0 /home/evan/.pebble-sdk/SDKs/4.9.77/toolchain/arm-none-eabi/bin/../lib/gcc/arm-none-eabi/4.7.2/thumb2/libgcc.a(_arm_muldivdf3.o)
 .data          0x0000000000002934        0x0 /home/evan/.pebble-sdk/SDKs/4.9.77/toolchain/arm-none-eabi/bin/../lib/gcc/arm-none-eabi/4.7.2/thumb2/libgcc.a(_arm_fixdfsi.o)
 .data          0x0000000000002934        0x0 /home/evan/.pebble-sdk/SDKs/4.9.77/toolchain/arm-none-eabi/bin/../lib/gcc/arm-none-eabi/4.7.2/thumb2/libgcc.a(_arm_truncdfsf2.o)
 .data          0x0000000000002934        0x0 /home/evan/.pebble-sdk/SDKs/4.9.77/toolchain/arm-none-eabi/bin/../lib/gcc/arm-none-eabi/4.7.2/thumb2/libgcc.a(_arm_addsubsf3.o)
 .data          0x0000000000002934        0x0 /home/evan/.pebble-sdk/SDKs/4.9.77/toolchain/arm-none-eabi/bin/../lib/gcc/arm-none-eabi/4.7.2/thumb2/crtend.o
 .data          0x0000000000002934        0x0 /home/evan/.pebble-sdk/SDKs/4.9.77/toolchain/arm-none-eabi/bin/../lib/gcc/arm-none-eabi/4.7.2/thumb2/crtn.o
 .data          0x0000000000002934        0x0 /home/evan/.pebble-sdk/SDKs/4.9.77/toolchain/arm-none-eabi/bin/../lib/gcc/arm-none-eabi/4.7.2/../../../../arm-none-eabi/lib/thumb2/libm.a(lib_a-s_cos.o)
 .data          0x0000000000002934        0x0 /home/evan/.pebble-sdk/SDKs/4.9.77/toolchain/arm-none-eabi/bin/../lib/gcc/arm-none-eabi/4.7.2/../../../../arm-none-eabi/lib/thumb2/libm.a(lib_a-s_sin.o)
 .data          0x0000000000002934        0x0 /home/evan/.pebble-sdk/SDKs/4.9.77/toolchain/arm-none-eabi/bin/../lib/gcc/arm-none-eabi/4.7.2/../../../../arm-none-eabi/lib/thumb2/libm.a(lib_a-e_rem_pio2.o)
 .data          0x0000000000002934        0x0 /home/evan/.pebble-sdk/SDKs/4.9.77/toolchain/arm-none-eabi/bin/../lib/gcc/arm-none-eabi/4.7.2/../../../../arm-none-eabi/lib/thumb2/libm.a(lib_a-k_cos.o)
 .data          0x0000000000002934        0x0 /home/evan/.pebble-sdk/SDKs/4.9.77/toolchain/arm-none-eabi/bin/../lib/gcc/arm-none-eabi/4.7.2/../../../../arm-none-eabi/lib/thumb2/libm.a(lib_a-k_rem_pio2.o)
 .data          0x0000000000002934        0x0 /home/evan/.pebble-sdk/SDKs/4.9.77/toolchain/arm-none-eabi/bin/../lib/gcc/arm-none-eabi/4.7.2/../../../../arm-none-eabi/lib/thumb2/libm.a(lib_a-k_sin.o)
 .data          0x0000000000002934        0x0 /home/evan/.pebble-sdk/SDKs/4.9.77/toolchain/arm-none-eabi/bin/../lib/gcc/arm-none-eabi/4.7.2/../../../../arm-none-eabi/lib/thumb2/libm.a(lib_a-s_fabs.o)
 .data          0x0000000000002934        0x0 /home/evan/.pebble-sdk/SDKs/4.9.77/toolchain/arm-none-eabi/bin/../lib/gcc/arm-none-eabi/4.7.2/../../../../arm-none-eabi/lib/thumb2/libm.a(lib_a-s_floor.o)
 .data          0x0000000000002934        0x0 /home/evan/.pebble-sdk/SDKs/4.9.77/toolchain/arm-none-eabi/bin/../lib/gcc/arm-none-eabi/4.7.2/../../../../arm-none-eabi/lib/thumb2/libm.a(lib_a-s_scalbn.o)
 .data          0x0000000000002934        0x0 /home/evan/.pebble-sdk/SDKs/4.9.77/toolchain/arm-none-eabi/bin/../lib/gcc/arm-none-eabi/4.7.2/../../../../arm-none-eabi/lib/thumb2/libm.a(lib_a-s_copysign.o)
 .data          0x0000000000002934        0x0 /home/evan/.pebble-sdk/SDKs/4.9.77/toolchain/arm-none-eabi/bin/../lib/gcc/arm-none-eabi/4.7.2/thumb2/libgcc.a(_divsi3.o)
 .data          0x0000000000002934        0x0 /home/evan/.pebble-sdk/SDKs/4.9.77/toolchain/arm-none-eabi/bin/../lib/gcc/arm-none-eabi/4.7.2/thumb2/libgcc.a(_dvmd_tls.o)
 .data          0x0000000000002934        0x0 /home/evan/.pebble-sdk/SDKs/4.9.77/toolchain/arm-none-eabi/bin/../lib/gcc/arm-none-eabi/4.7.2/thumb2/libgcc.a(_arm_cmpdf2.o)
 *(.data.*)

.igot.plt       0x0000000000002934        0x0
 .igot.plt      0x0000000000000000        0x0 /home/evan/.pebble-sdk/SDKs/4.9.77/toolchain/arm-none-eabi/bin/../lib/gcc/arm-none-eabi/4.7.2/thumb2/crtbegin.o

.bss            0x0000000000002934       0x18
 *(.bss)
 *(.bss.*)
 .bss.s_am_pm_indicator
                0x0000000000002934        0x4 src/c/fiftyeight.c.25.o
 .bss.s_lesser_sprites
                0x0000000000002938        0x4 src/c/fiftyeight.c.25.o
 .bss.s_canvas_layer
                0x000000000000293c        0x4 src/c/fiftyeight.c.25.o
 .bss.s_priority_sprites
                0x0000000000002940        0x4 src/c/fiftyeight.c.25.o
 .bss.s_main_window
                0x0000000000002944        0x4 src/c/fiftyeight.c.25.o
 .bss.s_least_sprites
                0x0000000000002948        0x4 src/c/fiftyeight.c.25.o

.ARM.attributes
                0x0000000000000000       0x27
 .ARM.attributes
                0x0000000000000000       0x19 /home/evan/.pebble-sdk/SDKs/4.9.77/toolchain/arm-none-eabi/bin/../lib/gcc/arm-none-eabi/4.7.2/thumb2/crti.o
 .ARM.attributes
                0x0000000000000019       0x29 /home/evan/.pebble-sdk/SDKs/4.9.77/toolchain/arm-none-eabi/bin/../lib/gcc/arm-none-eabi/4.7.2/thumb2/crtbegin.o
 .ARM.attributes
                0x0000000000000042       0x33 src/c/fiftyeight.c.25.o
 .ARM.attributes
                0x0000000000000075       0x33 aplite/appinfo.auto.c.25.o
 .ARM.attributes
                0x00000000000000a8       0x33 aplite/src/resource_ids.auto.c.25.o
 .ARM.attributes
                0x00000000000000db       0x21 /home/evan/.pebble-sdk/SDKs/current/sdk-core/pebble/aplite/lib/libpebble.a(tmp7jpKUopebble.o)
 .ARM.attributes
                0x00000000000000fc       0x19 /home/evan/.pebble-sdk/SDKs/4.9.77/toolchain/arm-none-eabi/bin/../lib/gcc/arm-none-eabi/4.7.2/thumb2/libgcc.a(_arm_addsubdf3.o)
 .ARM.attributes
                0x0000000000000115       0x19 /home/evan/.pebble-sdk/SDKs/4.9.77/toolchain/arm-none-eabi/bin/../lib/gcc/arm-none-eabi/4.7.2/thumb2/libgcc.a(_arm_muldivdf3.o)
 .ARM.attributes
                0x000000000000012e       0x19 /home/evan/.pebble-sdk/SDKs/4.9.77/toolchain/arm-none-eabi/bin/../lib/gcc/arm-none-eabi/4.7.2/thumb2/libgcc.a(_arm_fixdfsi.o)
 .ARM.attributes
                0x0000000000000147       0x19 /home/evan/.pebble-sdk/SDKs/4.9.77/toolchain/arm-none-eabi/bin/../lib/gcc/arm-none-eabi/4.7.2/thumb2/libgcc.a(_arm_truncdfsf2.o)
 .ARM.attributes
                0x0000000000000160       0x19 /home/evan/.pebble-sdk/SDKs/4.9.77/toolchain/arm-none-eabi/bin/../lib/gcc/arm-none-eabi/4.7.2/thumb2/libgcc.a(_arm_addsubsf3.o)
 .ARM.attributes
                0x0000000000000179       0x29 /home/evan/.pebble-sdk/SDKs/4.9.77/toolchain/arm-none-eabi/bin/../lib/gcc/arm-none-eabi/4.7.2/thumb2/crtend.o
 .ARM.attributes
                0x00000000000001a2       0x19 /home/evan/.pebble-sdk/SDKs/4.9.77/toolchain/arm-none-eabi/bin/../lib/gcc/arm-none-eabi/4.7.2/thumb2/crtn.o

.comment        0x0000000000000000       0x4e
 .comment       0x0000000000000000       0x4e /home/evan/.pebble-sdk/SDKs/4.9.77/toolchain/arm-none-eabi/bin/../lib/gcc/arm-none-eabi/4.7.2/thumb2/crtbegin.o
                                         0x4f (size before relaxing)
 .comment       0x0000000000000000       0x4f src/c/fiftyeight.c.25.o
 .comment       0x0000000000000000       0x4f aplite/appinfo.auto.c.25.o
 .comment       0x0000000000000000       0x4f aplite/src/resource_ids.auto.c.25.o
 .comment       0x0000000000000000       0x4f /home/evan/.pebble-sdk/SDKs/4.9.77/toolchain/arm-none-eabi/bin/../lib/gcc/arm-none-eabi/4.7.2/thumb2/crtend.o

DISCARD         0x0000000000000000     0x5710
 libc.a(*)
 libm.a(*)
 .debug_info    0x0000000000000000      0x413 /home/evan/.pebble-sdk/SDKs/4.9.77/toolchain/arm-none-eabi/bin/../lib/gcc/arm-none-eabi/4.7.2/../../../../arm-none-eabi/lib/thumb2/libm.a(lib_a-e_rem_pio2.o)
 .debug_abbrev  0x0000000000000413      0x180 /home/evan/.pebble-sdk/SDKs/4.9.77/toolchain/arm-none-eabi/bin/../lib/gcc/arm-none-eabi/4.7.2/../../../../arm-none-eabi/lib/thumb2/libm.a(lib_a-e_rem_pio2.o)
 .debug_loc     0x0000000000000593      0x584 /home/evan/.pebble-sdk/SDKs/4.9.77/toolchain/arm-none-eabi/bin/../lib/gcc/arm-none-eabi/4.7.2/../../../../arm-none-eabi/lib/thumb2/libm.a(lib_a-e_rem_pio2.o)
 .debug_aranges
                0x0000000000000b17       0x20 /home/evan/.pebble-sdk/SDKs/4.9.77/toolchain/arm-none-eabi/bin/../lib/gcc/arm-none-eabi/4.7.2/../../../../arm-none-eabi/lib/thumb2/libm.a(lib_a-e_rem_pio2.o)
 .debug_ranges  0x0000000000000b37       0x28 /home/evan/.pebble-sdk/SDKs/4.9.77/toolchain/arm-none-eabi/bin/../lib/gcc/arm-none-eabi/4.7.2/../../../../arm-none-eabi/lib/thumb2/libm.a(lib_a-e_rem_pio2.o)
 .debug_line    0x0000000000000b5f      0x20d /home/evan/.pebble-sdk/SDKs/4.9.77/toolchain/arm-none-eabi/bin/../lib/gcc/arm-none-eabi/4.7.2/../../../../arm-none-eabi/lib/thumb2/libm.a(lib_a-e_rem_pio2.o)
 .debug_str     0x0000000000000d6c       0xf5 /home/evan/.pebble-sdk/SDKs/4.9.77/toolchain/arm-none-eabi/bin/../lib/gcc/arm-none-eabi/4.7.2/../../../../arm-none-eabi/lib/thumb2/libm.a(lib_a-e_rem_pio2.o)
                                        0x220 (size before relaxing)
 .comment       0x0000000000000000       0x4f /home/evan/.pebble-sdk/SDKs/4.9.77/toolchain/arm-none-eabi/bin/../lib/gcc/arm-none-eabi/4.7.2/../../../../arm-none-eabi/lib/thumb2/libm.a(lib_a-e_rem_pio2.o)
 .ARM.attributes
                0x0000000000000e61       0x29 /home/evan/.pebble-sdk/SDKs/4.9.77/toolchain/arm-none-eabi/bin/../lib/gcc/arm-none-eabi/4.7.2/../../../../arm-none-eabi/lib/thumb2/libm.a(lib_a-e_rem_pio2.o)
 *fill*         0x0000000000000e8a        0x2 
 .debug_frame   0x0000000000000e8c       0x38 /home/evan/.pebble-sdk/SDKs/4.9.77/toolchain/arm-none-eabi/bin/../lib/gcc/arm-none-eabi/4.7.2/../../../../arm-none-eabi/lib/thumb2/libm.a(lib_a-e_rem_pio2.o)
 .debug_info    0x0000000000000ec4      0x22d /home/evan/.pebble-sdk/SDKs/4.9.77/toolchain/arm-none-eabi/bin/../lib/gcc/arm-none-eabi/4.7.2/../../../../arm-none-eabi/lib/thumb2/libm.a(lib_a-k_cos.o)
 .debug_abbrev  0x00000000000010f1       0xe4 /home/evan/.pebble-sdk/SDKs/4.9.77/toolchain/arm-none-eabi/bin/../lib/gcc/arm-none-eabi/4.7.2/../../../../arm-none-eabi/lib/thumb2/libm.a(lib_a-k_cos.o)
 .debug_loc     0x00000000000011d5      0x1f9 /home/evan/.pebble-sdk/SDKs/4.9.77/toolchain/arm-none-eabi/bin/../lib/gcc/arm-none-eabi/4.7.2/../../../../arm-none-eabi/lib/thumb2/libm.a(lib_a-k_cos.o)
 .debug_aranges
                0x00000000000013ce       0x20 /home/evan/.pebble-sdk/SDKs/4.9.77/toolchain/arm-none-eabi/bin/../lib/gcc/arm-none-eabi/4.7.2/../../../../arm-none-eabi/lib/thumb2/libm.a(lib_a-k_cos.o)
 .debug_ranges  0x00000000000013ee       0x10 /home/evan/.pebble-sdk/SDKs/4.9.77/toolchain/arm-none-eabi/bin/../lib/gcc/arm-none-eabi/4.7.2/../../../../arm-none-eabi/lib/thumb2/libm.a(lib_a-k_cos.o)
 .debug_line    0x00000000000013fe      0x13e /home/evan/.pebble-sdk/SDKs/4.9.77/toolchain/arm-none-eabi/bin/../lib/gcc/arm-none-eabi/4.7.2/../../../../arm-none-eabi/lib/thumb2/libm.a(lib_a-k_cos.o)
 .debug_str     0x000000000000153c       0x42 /home/evan/.pebble-sdk/SDKs/4.9.77/toolchain/arm-none-eabi/bin/../lib/gcc/arm-none-eabi/4.7.2/../../../../arm-none-eabi/lib/thumb2/libm.a(lib_a-k_cos.o)
                                        0x195 (size before relaxing)
 .comment       0x0000000000000000       0x4f /home/evan/.pebble-sdk/SDKs/4.9.77/toolchain/arm-none-eabi/bin/../lib/gcc/arm-none-eabi/4.7.2/../../../../arm-none-eabi/lib/thumb2/libm.a(lib_a-k_cos.o)
 .ARM.attributes
                0x000000000000157e       0x29 /home/evan/.pebble-sdk/SDKs/4.9.77/toolchain/arm-none-eabi/bin/../lib/gcc/arm-none-eabi/4.7.2/../../../../arm-none-eabi/lib/thumb2/libm.a(lib_a-k_cos.o)
 *fill*         0x00000000000015a7        0x1 
 .debug_frame   0x00000000000015a8       0x38 /home/evan/.pebble-sdk/SDKs/4.9.77/toolchain/arm-none-eabi/bin/../lib/gcc/arm-none-eabi/4.7.2/../../../../arm-none-eabi/lib/thumb2/libm.a(lib_a-k_cos.o)
 .debug_info    0x00000000000015e0      0x376 /home/evan/.pebble-sdk/SDKs/4.9.77/toolchain/arm-none-eabi/bin/../lib/gcc/arm-none-eabi/4.7.2/../../../../arm-none-eabi/lib/thumb2/libm.a(lib_a-k_rem_pio2.o)
 .debug_abbrev  0x0000000000001956      0x15a /home/evan/.pebble-sdk/SDKs/4.9.77/toolchain/arm-none-eabi/bin/../lib/gcc/arm-none-eabi/4.7.2/../../../../arm-none-eabi/lib/thumb2/libm.a(lib_a-k_rem_pio2.o)
 .debug_loc     0x0000000000001ab0      0x781 /home/evan/.pebble-sdk/SDKs/4.9.77/toolchain/arm-none-eabi/bin/../lib/gcc/arm-none-eabi/4.7.2/../../../../arm-none-eabi/lib/thumb2/libm.a(lib_a-k_rem_pio2.o)
 .debug_aranges
                0x0000000000002231       0x20 /home/evan/.pebble-sdk/SDKs/4.9.77/toolchain/arm-none-eabi/bin/../lib/gcc/arm-none-eabi/4.7.2/../../../../arm-none-eabi/lib/thumb2/libm.a(lib_a-k_rem_pio2.o)
 .debug_ranges  0x0000000000002251       0x10 /home/evan/.pebble-sdk/SDKs/4.9.77/toolchain/arm-none-eabi/bin/../lib/gcc/arm-none-eabi/4.7.2/../../../../arm-none-eabi/lib/thumb2/libm.a(lib_a-k_rem_pio2.o)
 .debug_line    0x0000000000002261      0x464 /home/evan/.pebble-sdk/SDKs/4.9.77/toolchain/arm-none-eabi/bin/../lib/gcc/arm-none-eabi/4.7.2/../../../../arm-none-eabi/lib/thumb2/libm.a(lib_a-k_rem_pio2.o)
 .debug_str     0x00000000000026c5       0x7e /home/evan/.pebble-sdk/SDKs/4.9.77/toolchain/arm-none-eabi/bin/../lib/gcc/arm-none-eabi/4.7.2/../../../../arm-none-eabi/lib/thumb2/libm.a(lib_a-k_rem_pio2.o)
                                        0x1b3 (size before relaxing)
 .comment       0x0000000000000000       0x4f /home/evan/.pebble-sdk/SDKs/4.9.77/toolchain/arm-none-eabi/bin/../lib/gcc/arm-none-eabi/4.7.2/../../../../arm-none-eabi/lib/thumb2/libm.a(lib_a-k_rem_pio2.o)
 .ARM.attributes
                0x0000000000002743       0x29 /home/evan/.pebble-sdk/SDKs/4.9.77/toolchain/arm-none-eabi/bin/../lib/gcc/arm-none-eabi/4.7.2/../../../../arm-none-eabi/lib/thumb2/libm.a(lib_a-k_rem_pio2.o)
 .debug_frame   0x000000000000276c       0x3c /home/evan/.pebble-sdk/SDKs/4.9.77/toolchain/arm-none-eabi/bin/../lib/gcc/arm-none-eabi/4.7.2/../../../../arm-none-eabi/lib/thumb2/libm.a(lib_a-k_rem_pio2.o)
 .debug_info    0x00000000000027a8      0x1a4 /home/evan/.pebble-sdk/SDKs/4.9.77/toolchain/arm-none-eabi/bin/../lib/gcc/arm-none-eabi/4.7.2/../../../../arm-none-eabi/lib/thumb2/libm.a(lib_a-k_sin.o)
 .debug_abbrev  0x000000000000294c       0xa7 /home/evan/.pebble-sdk/SDKs/4.9.77/toolchain/arm-none-eabi/bin/../lib/gcc/arm-none-eabi/4.7.2/../../../../arm-none-eabi/lib/thumb2/libm.a(lib_a-k_sin.o)
 .debug_loc     0x00000000000029f3       0xdb /home/evan/.pebble-sdk/SDKs/4.9.77/toolchain/arm-none-eabi/bin/../lib/gcc/arm-none-eabi/4.7.2/../../../../arm-none-eabi/lib/thumb2/libm.a(lib_a-k_sin.o)
 .debug_aranges
                0x0000000000002ace       0x20 /home/evan/.pebble-sdk/SDKs/4.9.77/toolchain/arm-none-eabi/bin/../lib/gcc/arm-none-eabi/4.7.2/../../../../arm-none-eabi/lib/thumb2/libm.a(lib_a-k_sin.o)
 .debug_ranges  0x0000000000002aee       0x10 /home/evan/.pebble-sdk/SDKs/4.9.77/toolchain/arm-none-eabi/bin/../lib/gcc/arm-none-eabi/4.7.2/../../../../arm-none-eabi/lib/thumb2/libm.a(lib_a-k_sin.o)
 .debug_line    0x0000000000002afe       0xec /home/evan/.pebble-sdk/SDKs/4.9.77/toolchain/arm-none-eabi/bin/../lib/gcc/arm-none-eabi/4.7.2/../../../../arm-none-eabi/lib/thumb2/libm.a(lib_a-k_sin.o)
 .debug_str     0x0000000000002bea       0x3d /home/evan/.pebble-sdk/SDKs/4.9.77/toolchain/arm-none-eabi/bin/../lib/gcc/arm-none-eabi/4.7.2/../../../../arm-none-eabi/lib/thumb2/libm.a(lib_a-k_sin.o)
                                        0x167 (size before relaxing)
 .comment       0x0000000000000000       0x4f /home/evan/.pebble-sdk/SDKs/4.9.77/toolchain/arm-none-eabi/bin/../lib/gcc/arm-none-eabi/4.7.2/../../../../arm-none-eabi/lib/thumb2/libm.a(lib_a-k_sin.o)
 .ARM.attributes
                0x0000000000002c27       0x29 /home/evan/.pebble-sdk/SDKs/4.9.77/toolchain/arm-none-eabi/bin/../lib/gcc/arm-none-eabi/4.7.2/../../../../arm-none-eabi/lib/thumb2/libm.a(lib_a-k_sin.o)
 .debug_frame   0x0000000000002c50       0x38 /home/evan/.pebble-sdk/SDKs/4.9.77/toolchain/arm-none-eabi/bin/../lib/gcc/arm-none-eabi/4.7.2/../../../../arm-none-eabi/lib/thumb2/libm.a(lib_a-k_sin.o)
 .debug_info    0x0000000000002c88      0x170 /home/evan/.pebble-sdk/SDKs/4.9.77/toolchain/arm-none-eabi/bin/../lib/gcc/arm-none-eabi/4.7.2/../../../../arm-none-eabi/lib/thumb2/libm.a(lib_a-s_copysign.o)
 .debug_abbrev  0x0000000000002df8       0xfe /home/evan/.pebble-sdk/SDKs/4.9.77/toolchain/arm-none-eabi/bin/../lib/gcc/arm-none-eabi/4.7.2/../../../../arm-none-eabi/lib/thumb2/libm.a(lib_a-s_copysign.o)
 .debug_loc     0x0000000000002ef6       0x60 /home/evan/.pebble-sdk/SDKs/4.9.77/toolchain/arm-none-eabi/bin/../lib/gcc/arm-none-eabi/4.7.2/../../../../arm-none-eabi/lib/thumb2/libm.a(lib_a-s_copysign.o)
 .debug_aranges
                0x0000000000002f56       0x20 /home/evan/.pebble-sdk/SDKs/4.9.77/toolchain/arm-none-eabi/bin/../lib/gcc/arm-none-eabi/4.7.2/../../../../arm-none-eabi/lib/thumb2/libm.a(lib_a-s_copysign.o)
 .debug_ranges  0x0000000000002f76       0x28 /home/evan/.pebble-sdk/SDKs/4.9.77/toolchain/arm-none-eabi/bin/../lib/gcc/arm-none-eabi/4.7.2/../../../../arm-none-eabi/lib/thumb2/libm.a(lib_a-s_copysign.o)
 .debug_line    0x0000000000002f9e      0x139 /home/evan/.pebble-sdk/SDKs/4.9.77/toolchain/arm-none-eabi/bin/../lib/gcc/arm-none-eabi/4.7.2/../../../../arm-none-eabi/lib/thumb2/libm.a(lib_a-s_copysign.o)
 .debug_str     0x00000000000030d7       0x44 /home/evan/.pebble-sdk/SDKs/4.9.77/toolchain/arm-none-eabi/bin/../lib/gcc/arm-none-eabi/4.7.2/../../../../arm-none-eabi/lib/thumb2/libm.a(lib_a-s_copysign.o)
                                        0x195 (size before relaxing)
 .comment       0x0000000000000000       0x4f /home/evan/.pebble-sdk/SDKs/4.9.77/toolchain/arm-none-eabi/bin/../lib/gcc/arm-none-eabi/4.7.2/../../../../arm-none-eabi/lib/thumb2/libm.a(lib_a-s_copysign.o)
 .ARM.attributes
                0x000000000000311b       0x29 /home/evan/.pebble-sdk/SDKs/4.9.77/toolchain/arm-none-eabi/bin/../lib/gcc/arm-none-eabi/4.7.2/../../../../arm-none-eabi/lib/thumb2/libm.a(lib_a-s_copysign.o)
 .debug_frame   0x0000000000003144       0x2c /home/evan/.pebble-sdk/SDKs/4.9.77/toolchain/arm-none-eabi/bin/../lib/gcc/arm-none-eabi/4.7.2/../../../../arm-none-eabi/lib/thumb2/libm.a(lib_a-s_copysign.o)
 .debug_info    0x0000000000003170      0x1bd /home/evan/.pebble-sdk/SDKs/4.9.77/toolchain/arm-none-eabi/bin/../lib/gcc/arm-none-eabi/4.7.2/../../../../arm-none-eabi/lib/thumb2/libm.a(lib_a-s_cos.o)
 .debug_abbrev  0x000000000000332d      0x10a /home/evan/.pebble-sdk/SDKs/4.9.77/toolchain/arm-none-eabi/bin/../lib/gcc/arm-none-eabi/4.7.2/../../../../arm-none-eabi/lib/thumb2/libm.a(lib_a-s_cos.o)
 .debug_loc     0x0000000000003437       0xa5 /home/evan/.pebble-sdk/SDKs/4.9.77/toolchain/arm-none-eabi/bin/../lib/gcc/arm-none-eabi/4.7.2/../../../../arm-none-eabi/lib/thumb2/libm.a(lib_a-s_cos.o)
 .debug_aranges
                0x00000000000034dc       0x20 /home/evan/.pebble-sdk/SDKs/4.9.77/toolchain/arm-none-eabi/bin/../lib/gcc/arm-none-eabi/4.7.2/../../../../arm-none-eabi/lib/thumb2/libm.a(lib_a-s_cos.o)
 .debug_ranges  0x00000000000034fc       0x10 /home/evan/.pebble-sdk/SDKs/4.9.77/toolchain/arm-none-eabi/bin/../lib/gcc/arm-none-eabi/4.7.2/../../../../arm-none-eabi/lib/thumb2/libm.a(lib_a-s_cos.o)
 .debug_line    0x000000000000350c      0x18a /home/evan/.pebble-sdk/SDKs/4.9.77/toolchain/arm-none-eabi/bin/../lib/gcc/arm-none-eabi/4.7.2/../../../../arm-none-eabi/lib/thumb2/libm.a(lib_a-s_cos.o)
 .debug_str     0x0000000000003696      0x142 /home/evan/.pebble-sdk/SDKs/4.9.77/toolchain/arm-none-eabi/bin/../lib/gcc/arm-none-eabi/4.7.2/../../../../arm-none-eabi/lib/thumb2/libm.a(lib_a-s_cos.o)
                                        0x182 (size before relaxing)
 .comment       0x00000000000037d8       0x4e /home/evan/.pebble-sdk/SDKs/4.9.77/toolchain/arm-none-eabi/bin/../lib/gcc/arm-none-eabi/4.7.2/../../../../arm-none-eabi/lib/thumb2/libm.a(lib_a-s_cos.o)
                                         0x4f (size before relaxing)
 .ARM.attributes
                0x0000000000003826       0x29 /home/evan/.pebble-sdk/SDKs/4.9.77/toolchain/arm-none-eabi/bin/../lib/gcc/arm-none-eabi/4.7.2/../../../../arm-none-eabi/lib/thumb2/libm.a(lib_a-s_cos.o)
 *fill*         0x000000000000384f        0x1 
 .debug_frame   0x0000000000003850       0x2c /home/evan/.pebble-sdk/SDKs/4.9.77/toolchain/arm-none-eabi/bin/../lib/gcc/arm-none-eabi/4.7.2/../../../../arm-none-eabi/lib/thumb2/libm.a(lib_a-s_cos.o)
 .debug_info    0x000000000000387c      0x13e /home/evan/.pebble-sdk/SDKs/4.9.77/toolchain/arm-none-eabi/bin/../lib/gcc/arm-none-eabi/4.7.2/../../../../arm-none-eabi/lib/thumb2/libm.a(lib_a-s_fabs.o)
 .debug_abbrev  0x00000000000039ba       0xbb /home/evan/.pebble-sdk/SDKs/4.9.77/toolchain/arm-none-eabi/bin/../lib/gcc/arm-none-eabi/4.7.2/../../../../arm-none-eabi/lib/thumb2/libm.a(lib_a-s_fabs.o)
 .debug_aranges
                0x0000000000003a75       0x20 /home/evan/.pebble-sdk/SDKs/4.9.77/toolchain/arm-none-eabi/bin/../lib/gcc/arm-none-eabi/4.7.2/../../../../arm-none-eabi/lib/thumb2/libm.a(lib_a-s_fabs.o)
 .debug_ranges  0x0000000000003a95       0x10 /home/evan/.pebble-sdk/SDKs/4.9.77/toolchain/arm-none-eabi/bin/../lib/gcc/arm-none-eabi/4.7.2/../../../../arm-none-eabi/lib/thumb2/libm.a(lib_a-s_fabs.o)
 .debug_line    0x0000000000003aa5      0x16f /home/evan/.pebble-sdk/SDKs/4.9.77/toolchain/arm-none-eabi/bin/../lib/gcc/arm-none-eabi/4.7.2/../../../../arm-none-eabi/lib/thumb2/libm.a(lib_a-s_fabs.o)
 .debug_str     0x0000000000003c14       0x3e /home/evan/.pebble-sdk/SDKs/4.9.77/toolchain/arm-none-eabi/bin/../lib/gcc/arm-none-eabi/4.7.2/../../../../arm-none-eabi/lib/thumb2/libm.a(lib_a-s_fabs.o)
                                        0x189 (size before relaxing)
 .comment       0x0000000000000000       0x4f /home/evan/.pebble-sdk/SDKs/4.9.77/toolchain/arm-none-eabi/bin/../lib/gcc/arm-none-eabi/4.7.2/../../../../arm-none-eabi/lib/thumb2/libm.a(lib_a-s_fabs.o)
 .ARM.attributes
                0x0000000000003c52       0x29 /home/evan/.pebble-sdk/SDKs/4.9.77/toolchain/arm-none-eabi/bin/../lib/gcc/arm-none-eabi/4.7.2/../../../../arm-none-eabi/lib/thumb2/libm.a(lib_a-s_fabs.o)
 *fill*         0x0000000000003c7b        0x1 
 .debug_frame   0x0000000000003c7c       0x20 /home/evan/.pebble-sdk/SDKs/4.9.77/toolchain/arm-none-eabi/bin/../lib/gcc/arm-none-eabi/4.7.2/../../../../arm-none-eabi/lib/thumb2/libm.a(lib_a-s_fabs.o)
 .debug_info    0x0000000000003c9c      0x1b6 /home/evan/.pebble-sdk/SDKs/4.9.77/toolchain/arm-none-eabi/bin/../lib/gcc/arm-none-eabi/4.7.2/../../../../arm-none-eabi/lib/thumb2/libm.a(lib_a-s_floor.o)
 .debug_abbrev  0x0000000000003e52       0xed /home/evan/.pebble-sdk/SDKs/4.9.77/toolchain/arm-none-eabi/bin/../lib/gcc/arm-none-eabi/4.7.2/../../../../arm-none-eabi/lib/thumb2/libm.a(lib_a-s_floor.o)
 .debug_loc     0x0000000000003f3f      0x211 /home/evan/.pebble-sdk/SDKs/4.9.77/toolchain/arm-none-eabi/bin/../lib/gcc/arm-none-eabi/4.7.2/../../../../arm-none-eabi/lib/thumb2/libm.a(lib_a-s_floor.o)
 .debug_aranges
                0x0000000000004150       0x20 /home/evan/.pebble-sdk/SDKs/4.9.77/toolchain/arm-none-eabi/bin/../lib/gcc/arm-none-eabi/4.7.2/../../../../arm-none-eabi/lib/thumb2/libm.a(lib_a-s_floor.o)
 .debug_ranges  0x0000000000004170       0x10 /home/evan/.pebble-sdk/SDKs/4.9.77/toolchain/arm-none-eabi/bin/../lib/gcc/arm-none-eabi/4.7.2/../../../../arm-none-eabi/lib/thumb2/libm.a(lib_a-s_floor.o)
 .debug_line    0x0000000000004180      0x1a4 /home/evan/.pebble-sdk/SDKs/4.9.77/toolchain/arm-none-eabi/bin/../lib/gcc/arm-none-eabi/4.7.2/../../../../arm-none-eabi/lib/thumb2/libm.a(lib_a-s_floor.o)
 .debug_str     0x0000000000004324       0x49 /home/evan/.pebble-sdk/SDKs/4.9.77/toolchain/arm-none-eabi/bin/../lib/gcc/arm-none-eabi/4.7.2/../../../../arm-none-eabi/lib/thumb2/libm.a(lib_a-s_floor.o)
                                        0x19a (size before relaxing)
 .comment       0x0000000000000000       0x4f /home/evan/.pebble-sdk/SDKs/4.9.77/toolchain/arm-none-eabi/bin/../lib/gcc/arm-none-eabi/4.7.2/../../../../arm-none-eabi/lib/thumb2/libm.a(lib_a-s_floor.o)
 .ARM.attributes
                0x000000000000436d       0x29 /home/evan/.pebble-sdk/SDKs/4.9.77/toolchain/arm-none-eabi/bin/../lib/gcc/arm-none-eabi/4.7.2/../../../../arm-none-eabi/lib/thumb2/libm.a(lib_a-s_floor.o)
 *fill*         0x0000000000004396        0x2 
 .debug_frame   0x0000000000004398       0x34 /home/evan/.pebble-sdk/SDKs/4.9.77/toolchain/arm-none-eabi/bin/../lib/gcc/arm-none-eabi/4.7.2/../../../../arm-none-eabi/lib/thumb2/libm.a(lib_a-s_floor.o)
 .debug_info    0x00000000000043cc      0x26b /home/evan/.pebble-sdk/SDKs/4.9.77/toolchain/arm-none-eabi/bin/../lib/gcc/arm-none-eabi/4.7.2/../../../../arm-none-eabi/lib/thumb2/libm.a(lib_a-s_scalbn.o)
 .debug_abbrev  0x0000000000004637      0x13a /home/evan/.pebble-sdk/SDKs/4.9.77/toolchain/arm-none-eabi/bin/../lib/gcc/arm-none-eabi/4.7.2/../../../../arm-none-eabi/lib/thumb2/libm.a(lib_a-s_scalbn.o)
 .debug_loc     0x0000000000004771      0x1d2 /home/evan/.pebble-sdk/SDKs/4.9.77/toolchain/arm-none-eabi/bin/../lib/gcc/arm-none-eabi/4.7.2/../../../../arm-none-eabi/lib/thumb2/libm.a(lib_a-s_scalbn.o)
 .debug_aranges
                0x0000000000004943       0x20 /home/evan/.pebble-sdk/SDKs/4.9.77/toolchain/arm-none-eabi/bin/../lib/gcc/arm-none-eabi/4.7.2/../../../../arm-none-eabi/lib/thumb2/libm.a(lib_a-s_scalbn.o)
 .debug_ranges  0x0000000000004963       0x58 /home/evan/.pebble-sdk/SDKs/4.9.77/toolchain/arm-none-eabi/bin/../lib/gcc/arm-none-eabi/4.7.2/../../../../arm-none-eabi/lib/thumb2/libm.a(lib_a-s_scalbn.o)
 .debug_line    0x00000000000049bb      0x159 /home/evan/.pebble-sdk/SDKs/4.9.77/toolchain/arm-none-eabi/bin/../lib/gcc/arm-none-eabi/4.7.2/../../../../arm-none-eabi/lib/thumb2/libm.a(lib_a-s_scalbn.o)
 .debug_str     0x0000000000004b14       0xb6 /home/evan/.pebble-sdk/SDKs/4.9.77/toolchain/arm-none-eabi/bin/../lib/gcc/arm-none-eabi/4.7.2/../../../../arm-none-eabi/lib/thumb2/libm.a(lib_a-s_scalbn.o)
                                        0x1c0 (size before relaxing)
 .comment       0x0000000000000000       0x4f /home/evan/.pebble-sdk/SDKs/4.9.77/toolchain/arm-none-eabi/bin/../lib/gcc/arm-none-eabi/4.7.2/../../../../arm-none-eabi/lib/thumb2/libm.a(lib_a-s_scalbn.o)
 .ARM.attributes
                0x0000000000004bca       0x29 /home/evan/.pebble-sdk/SDKs/4.9.77/toolchain/arm-none-eabi/bin/../lib/gcc/arm-none-eabi/4.7.2/../../../../arm-none-eabi/lib/thumb2/libm.a(lib_a-s_scalbn.o)
 *fill*         0x0000000000004bf3        0x1 
 .debug_frame   0x0000000000004bf4       0x30 /home/evan/.pebble-sdk/SDKs/4.9.77/toolchain/arm-none-eabi/bin/../lib/gcc/arm-none-eabi/4.7.2/../../../../arm-none-eabi/lib/thumb2/libm.a(lib_a-s_scalbn.o)
 .debug_info    0x0000000000004c24      0x1b5 /home/evan/.pebble-sdk/SDKs/4.9.77/toolchain/arm-none-eabi/bin/../lib/gcc/arm-none-eabi/4.7.2/../../../../arm-none-eabi/lib/thumb2/libm.a(lib_a-s_sin.o)
 .debug_abbrev  0x0000000000004dd9       0xff /home/evan/.pebble-sdk/SDKs/4.9.77/toolchain/arm-none-eabi/bin/../lib/gcc/arm-none-eabi/4.7.2/../../../../arm-none-eabi/lib/thumb2/libm.a(lib_a-s_sin.o)
 .debug_loc     0x0000000000004ed8       0xa5 /home/evan/.pebble-sdk/SDKs/4.9.77/toolchain/arm-none-eabi/bin/../lib/gcc/arm-none-eabi/4.7.2/../../../../arm-none-eabi/lib/thumb2/libm.a(lib_a-s_sin.o)
 .debug_aranges
                0x0000000000004f7d       0x20 /home/evan/.pebble-sdk/SDKs/4.9.77/toolchain/arm-none-eabi/bin/../lib/gcc/arm-none-eabi/4.7.2/../../../../arm-none-eabi/lib/thumb2/libm.a(lib_a-s_sin.o)
 .debug_ranges  0x0000000000004f9d       0x10 /home/evan/.pebble-sdk/SDKs/4.9.77/toolchain/arm-none-eabi/bin/../lib/gcc/arm-none-eabi/4.7.2/../../../../arm-none-eabi/lib/thumb2/libm.a(lib_a-s_sin.o)
 .debug_line    0x0000000000004fad      0x18b /home/evan/.pebble-sdk/SDKs/4.9.77/toolchain/arm-none-eabi/bin/../lib/gcc/arm-none-eabi/4.7.2/../../../../arm-none-eabi/lib/thumb2/libm.a(lib_a-s_sin.o)
 .debug_str     0x0000000000005138       0x3d /home/evan/.pebble-sdk/SDKs/4.9.77/toolchain/arm-none-eabi/bin/../lib/gcc/arm-none-eabi/4.7.2/../../../../arm-none-eabi/lib/thumb2/libm.a(lib_a-s_sin.o)
                                        0x182 (size before relaxing)
 .comment       0x0000000000000000       0x4f /home/evan/.pebble-sdk/SDKs/4.9.77/toolchain/arm-none-eabi/bin/../lib/gcc/arm-none-eabi/4.7.2/../../../../arm-none-eabi/lib/thumb2/libm.a(lib_a-s_sin.o)
 .ARM.attributes
                0x0000000000005175       0x29 /home/evan/.pebble-sdk/SDKs/4.9.77/toolchain/arm-none-eabi/bin/../lib/gcc/arm-none-eabi/4.7.2/../../../../arm-none-eabi/lib/thumb2/libm.a(lib_a-s_sin.o)
 *fill*         0x000000000000519e        0x2 
 .debug_frame   0x00000000000051a0       0x2c /home/evan/.pebble-sdk/SDKs/4.9.77/toolchain/arm-none-eabi/bin/../lib/gcc/arm-none-eabi/4.7.2/../../../../arm-none-eabi/lib/thumb2/libm.a(lib_a-s_sin.o)
 libgcc.a(*)
 .debug_frame   0x00000000000051cc       0x20 /home/evan/.pebble-sdk/SDKs/4.9.77/toolchain/arm-none-eabi/bin/../lib/gcc/arm-none-eabi/4.7.2/thumb2/libgcc.a(_divsi3.o)
 .ARM.attributes
                0x00000000000051ec       0x19 /home/evan/.pebble-sdk/SDKs/4.9.77/toolchain/arm-none-eabi/bin/../lib/gcc/arm-none-eabi/4.7.2/thumb2/libgcc.a(_divsi3.o)
 .debug_line    0x0000000000005205       0xa1 /home/evan/.pebble-sdk/SDKs/4.9.77/toolchain/arm-none-eabi/bin/../lib/gcc/arm-none-eabi/4.7.2/thumb2/libgcc.a(_divsi3.o)
 .debug_info    0x00000000000052a6       0xb6 /home/evan/.pebble-sdk/SDKs/4.9.77/toolchain/arm-none-eabi/bin/../lib/gcc/arm-none-eabi/4.7.2/thumb2/libgcc.a(_divsi3.o)
 .debug_abbrev  0x000000000000535c       0x14 /home/evan/.pebble-sdk/SDKs/4.9.77/toolchain/arm-none-eabi/bin/../lib/gcc/arm-none-eabi/4.7.2/thumb2/libgcc.a(_divsi3.o)
 .debug_aranges
                0x0000000000005370       0x20 /home/evan/.pebble-sdk/SDKs/4.9.77/toolchain/arm-none-eabi/bin/../lib/gcc/arm-none-eabi/4.7.2/thumb2/libgcc.a(_divsi3.o)
 .ARM.attributes
                0x0000000000005390       0x19 /home/evan/.pebble-sdk/SDKs/4.9.77/toolchain/arm-none-eabi/bin/../lib/gcc/arm-none-eabi/4.7.2/thumb2/libgcc.a(_dvmd_tls.o)
 .debug_line    0x00000000000053a9       0x6d /home/evan/.pebble-sdk/SDKs/4.9.77/toolchain/arm-none-eabi/bin/../lib/gcc/arm-none-eabi/4.7.2/thumb2/libgcc.a(_dvmd_tls.o)
 .debug_info    0x0000000000005416       0xb6 /home/evan/.pebble-sdk/SDKs/4.9.77/toolchain/arm-none-eabi/bin/../lib/gcc/arm-none-eabi/4.7.2/thumb2/libgcc.a(_dvmd_tls.o)
 .debug_abbrev  0x00000000000054cc       0x14 /home/evan/.pebble-sdk/SDKs/4.9.77/toolchain/arm-none-eabi/bin/../lib/gcc/arm-none-eabi/4.7.2/thumb2/libgcc.a(_dvmd_tls.o)
 .debug_aranges
                0x00000000000054e0       0x20 /home/evan/.pebble-sdk/SDKs/4.9.77/toolchain/arm-none-eabi/bin/../lib/gcc/arm-none-eabi/4.7.2/thumb2/libgcc.a(_dvmd_tls.o)
 .ARM.attributes
                0x0000000000005500       0x19 /home/evan/.pebble-sdk/SDKs/4.9.77/toolchain/arm-none-eabi/bin/../lib/gcc/arm-none-eabi/4.7.2/thumb2/libgcc.a(_arm_cmpdf2.o)
 .debug_line    0x0000000000005519      0x10c /home/evan/.pebble-sdk/SDKs/4.9.77/toolchain/arm-none-eabi/bin/../lib/gcc/arm-none-eabi/4.7.2/thumb2/libgcc.a(_arm_cmpdf2.o)
 .debug_info    0x0000000000005625       0xb7 /home/evan/.pebble-sdk/SDKs/4.9.77/toolchain/arm-none-eabi/bin/../lib/gcc/arm-none-eabi/4.7.2/thumb2/libgcc.a(_arm_cmpdf2.o)
 .debug_abbrev  0x00000000000056dc       0x14 /home/evan/.pebble-sdk/SDKs/4.9.77/toolchain/arm-none-eabi/bin/../lib/gcc/arm-none-eabi/4.7.2/thumb2/libgcc.a(_arm_cmpdf2.o)
 .debug_aranges
                0x00000000000056f0       0x20 /home/evan/.pebble-sdk/SDKs/4.9.77/toolchain/arm-none-eabi/bin/../lib/gcc/arm-none-eabi/4.7.2/thumb2/libgcc.a(_arm_cmpdf2.o)
 *(.eh_frame)
OUTPUT(/mnt/d/Documents/fiftyeight/fiftyeight/build/aplite/pebble-app.elf elf32-littlearm)

.debug_info     0x0000000000000000     0x18a2
 .debug_info    0x0000000000000000     0x113e src/c/fiftyeight.c.25.o
 .debug_info    0x000000000000113e      0x31a aplite/appinfo.auto.c.25.o
 .debug_info    0x0000000000001458       0xb7 aplite/src/resource_ids.auto.c.25.o
 .debug_info    0x000000000000150f       0xb7 /home/evan/.pebble-sdk/SDKs/4.9.77/toolchain/arm-none-eabi/bin/../lib/gcc/arm-none-eabi/4.7.2/thumb2/libgcc.a(_arm_addsubdf3.o)
 .debug_info    0x00000000000015c6       0xb7 /home/evan/.pebble-sdk/SDKs/4.9.77/toolchain/arm-none-eabi/bin/../lib/gcc/arm-none-eabi/4.7.2/thumb2/libgcc.a(_arm_muldivdf3.o)
 .debug_info    0x000000000000167d       0xb7 /home/evan/.pebble-sdk/SDKs/4.9.77/toolchain/arm-none-eabi/bin/../lib/gcc/arm-none-eabi/4.7.2/thumb2/libgcc.a(_arm_fixdfsi.o)
 .debug_info    0x0000000000001734       0xb7 /home/evan/.pebble-sdk/SDKs/4.9.77/toolchain/arm-none-eabi/bin/../lib/gcc/arm-none-eabi/4.7.2/thumb2/libgcc.a(_arm_truncdfsf2.o)
 .debug_info    0x00000000000017eb       0xb7 /home/evan/.pebble-sdk/SDKs/4.9.77/toolchain/arm-none-eabi/bin/../lib/gcc/arm-none-eabi/4.7.2/thumb2/libgcc.a(_arm_addsubsf3.o)

.debug_abbrev   0x0000000000000000      0x452
 .debug_abbrev  0x0000000000000000      0x30c src/c/fiftyeight.c.25.o
 .debug_abbrev  0x000000000000030c       0x9e aplite/appinfo.auto.c.25.o
 .debug_abbrev  0x00000000000003aa       0x44 aplite/src/resource_ids.auto.c.25.o
 .debug_abbrev  0x00000000000003ee       0x14 /home/evan/.pebble-sdk/SDKs/4.9.77/toolchain/arm-none-eabi/bin/../lib/gcc/arm-none-eabi/4.7.2/thumb2/libgcc.a(_arm_addsubdf3.o)
 .debug_abbrev  0x0000000000000402       0x14 /home/evan/.pebble-sdk/SDKs/4.9.77/toolchain/arm-none-eabi/bin/../lib/gcc/arm-none-eabi/4.7.2/thumb2/libgcc.a(_arm_muldivdf3.o)
 .debug_abbrev  0x0000000000000416       0x14 /home/evan/.pebble-sdk/SDKs/4.9.77/toolchain/arm-none-eabi/bin/../lib/gcc/arm-none-eabi/4.7.2/thumb2/libgcc.a(_arm_fixdfsi.o)
 .debug_abbrev  0x000000000000042a       0x14 /home/evan/.pebble-sdk/SDKs/4.9.77/toolchain/arm-none-eabi/bin/../lib/gcc/arm-none-eabi/4.7.2/thumb2/libgcc.a(_arm_truncdfsf2.o)
 .debug_abbrev  0x000000000000043e       0x14 /home/evan/.pebble-sdk/SDKs/4.9.77/toolchain/arm-none-eabi/bin/../lib/gcc/arm-none-eabi/4.7.2/thumb2/libgcc.a(_arm_addsubsf3.o)

.debug_loc      0x0000000000000000      0x974
 .debug_loc     0x0000000000000000      0x974 src/c/fiftyeight.c.25.o

.debug_aranges  0x0000000000000000      0x118
 .debug_aranges
                0x0000000000000000       0x48 src/c/fiftyeight.c.25.o
 .debug_aranges
                0x0000000000000048       0x18 aplite/appinfo.auto.c.25.o
 .debug_aranges
                0x0000000000000060       0x18 aplite/src/resource_ids.auto.c.25.o
 .debug_aranges
                0x0000000000000078       0x20 /home/evan/.pebble-sdk/SDKs/4.9.77/toolchain/arm-none-eabi/bin/../lib/gcc/arm-none-eabi/4.7.2/thumb2/libgcc.a(_arm_addsubdf3.o)
 .debug_aranges
                0x0000000000000098       0x20 /home/evan/.pebble-sdk/SDKs/4.9.77/toolchain/arm-none-eabi/bin/../lib/gcc/arm-none-eabi/4.7.2/thumb2/libgcc.a(_arm_muldivdf3.o)
 .debug_aranges
                0x00000000000000b8       0x20 /home/evan/.pebble-sdk/SDKs/4.9.77/toolchain/arm-none-eabi/bin/../lib/gcc/arm-none-eabi/4.7.2/thumb2/libgcc.a(_arm_fixdfsi.o)
 .debug_aranges
                0x00000000000000d8       0x20 /home/evan/.pebble-sdk/SDKs/4.9.77/toolchain/arm-none-eabi/bin/../lib/gcc/arm-none-eabi/4.7.2/thumb2/libgcc.a(_arm_truncdfsf2.o)
 .debug_aranges
                0x00000000000000f8       0x20 /home/evan/.pebble-sdk/SDKs/4.9.77/toolchain/arm-none-eabi/bin/../lib/gcc/arm-none-eabi/4.7.2/thumb2/libgcc.a(_arm_addsubsf3.o)

.debug_ranges   0x0000000000000000       0x38
 .debug_ranges  0x0000000000000000       0x38 src/c/fiftyeight.c.25.o

.debug_line     0x0000000000000000      0xc71
 .debug_line    0x0000000000000000      0x410 src/c/fiftyeight.c.25.o
 .debug_line    0x0000000000000410      0x11e aplite/appinfo.auto.c.25.o
 .debug_line    0x000000000000052e       0xcb aplite/src/resource_ids.auto.c.25.o
 .debug_line    0x00000000000005f9      0x20a /home/evan/.pebble-sdk/SDKs/4.9.77/toolchain/arm-none-eabi/bin/../lib/gcc/arm-none-eabi/4.7.2/thumb2/libgcc.a(_arm_addsubdf3.o)
 .debug_line    0x0000000000000803      0x226 /home/evan/.pebble-sdk/SDKs/4.9.77/toolchain/arm-none-eabi/bin/../lib/gcc/arm-none-eabi/4.7.2/thumb2/libgcc.a(_arm_muldivdf3.o)
 .debug_line    0x0000000000000a29       0x86 /home/evan/.pebble-sdk/SDKs/4.9.77/toolchain/arm-none-eabi/bin/../lib/gcc/arm-none-eabi/4.7.2/thumb2/libgcc.a(_arm_fixdfsi.o)
 .debug_line    0x0000000000000aaf       0x9a /home/evan/.pebble-sdk/SDKs/4.9.77/toolchain/arm-none-eabi/bin/../lib/gcc/arm-none-eabi/4.7.2/thumb2/libgcc.a(_arm_truncdfsf2.o)
 .debug_line    0x0000000000000b49      0x128 /home/evan/.pebble-sdk/SDKs/4.9.77/toolchain/arm-none-eabi/bin/../lib/gcc/arm-none-eabi/4.7.2/thumb2/libgcc.a(_arm_addsubsf3.o)

.debug_str      0x0000000000000000      0xa93
 .debug_str     0x0000000000000000      0x7d6 src/c/fiftyeight.c.25.o
                                        0x87a (size before relaxing)
 .debug_str     0x00000000000007d6      0x236 aplite/appinfo.auto.c.25.o
                                        0x31b (size before relaxing)
 .debug_str     0x0000000000000a0c       0x87 aplite/src/resource_ids.auto.c.25.o
                                        0x14d (size before relaxing)

.debug_frame    0x0000000000000000       0xc4
 .debug_frame   0x0000000000000000       0xc4 src/c/fiftyeight.c.25.o
